2026-09-21 12:02:01 [INFO] Конфигурация перезагружена без ошибок
2026-09-21 12:02:40 [ERROR] Превышено время ожидания транзакции с базой данных
2026-09-21 12:05:59 [INFO] SSL сертификат успешно обновлён
2026-09-21 12:09:15 [WARNING] Попытка повторного подключения к auth-service (246 из 5)
2026-09-21 12:11:00 [INFO] Модуль NotificationEngine инициализирован
2026-09-21 12:14:57 [WARNING] Кэш переполнен, начата принудительная очистка
2026-09-21 12:15:40 [INFO] Сессия пользователя ivanov завершена
2026-09-21 12:17:33 [ERROR] Не удалось подключиться к базе данных: тайм-аут соединения
2026-09-21 12:20:49 [INFO] Новое соединение установлено с 192.168.1.8
2026-09-21 12:23:32 [INFO] Пользователь smirnov выполнил вход в систему
2026-09-21 12:24:46 [INFO] Получен heartbeat от узла node-03
2026-09-21 12:27:35 [INFO] SSL сертификат успешно обновлён
2026-09-21 12:28:44 [INFO] Сессия пользователя kuznetsov завершена
2026-09-21 12:31:06 [INFO] Задача резервного копирования завершена успешно
2026-09-21 12:32:53 [INFO] Модуль SessionManager инициализирован
2026-09-21 12:36:35 [ERROR] Ошибка валидации данных в запросе от 192.168.1.181
2026-09-21 12:40:17 [ERROR] Сервис redis-cache аварийно завершил работу (код 782)
2026-09-21 12:43:16 [WARNING] Тайм-аут ожидания ответа от узла db-master
2026-09-21 12:45:23 [INFO] Обработан HTTP запрос POST /api/v1/orders, статус 201
2026-09-21 12:47:08 [INFO] Обработан HTTP запрос POST /api/v1/orders, статус 201
2026-09-21 12:48:30 [INFO] Модуль OrderProcessor инициализирован
2026-09-21 12:51:45 [INFO] Обработан HTTP запрос GET /api/v1/users, статус 200
2026-09-21 12:53:17 [INFO] Обработан HTTP запрос POST /api/v1/orders, статус 201
2026-09-21 12:55:56 [INFO] Модуль PaymentGateway инициализирован
2026-09-21 12:58:50 [INFO] Пользователь smirnov выполнил вход в систему
2026-09-21 13:00:29 [INFO] Обработан HTTP запрос GET /api/v1/users, статус 200
2026-09-21 13:01:40 [ERROR] Сбой репликации базы данных между узлами
2026-09-21 13:04:23 [WARNING] Диск /dev/sda1 заполнен на 62%
2026-09-21 13:07:31 [ERROR] Потеряно соединение с узлом node-02
2026-09-21 13:11:04 [WARNING] Количество открытых соединений приближается к лимиту: 824
2026-09-21 13:14:45 [INFO] Получен heartbeat от узла db-master
2026-09-21 13:17:38 [INFO] Новое соединение установлено с 192.168.1.57
2026-09-21 13:21:33 [INFO] Пользователь kuznetsov выполнил вход в систему
2026-09-21 13:23:40 [ERROR] Не удалось записать файл backup_full.tar.gz: недостаточно места на диске
2026-09-21 13:27:27 [INFO] Обработан HTTP запрос GET /api/v1/users, статус 200
2026-09-21 13:31:06 [INFO] Плановая проверка состояния сервисов пройдена
2026-09-21 13:33:51 [INFO] Сервер успешно запущен на порту 8080
2026-09-21 13:36:22 [WARNING] Попытка повторного подключения к payment-gateway (3 из 5)
2026-09-21 13:39:47 [WARNING] Пользователь petrova превысил лимит запросов
2026-09-21 13:40:55 [ERROR] Критическая ошибка: недоступна служба notification-service
2026-09-21 13:42:51 [INFO] Подключение к базе данных установлено
2026-09-21 13:44:57 [INFO] SSL сертификат успешно обновлён
2026-09-21 13:46:35 [INFO] Файл backup_full.tar.gz успешно загружен на сервер
2026-09-21 13:48:26 [INFO] Задача резервного копирования завершена успешно
2026-09-21 13:51:17 [WARNING] Медленный ответ от базы данных: 87 мс
2026-09-21 13:53:48 [INFO] Служба notification-service перезапущена по расписанию
2026-09-21 13:55:19 [ERROR] Сервис postgres-db аварийно завершил работу (код 230)
2026-09-21 13:58:35 [WARNING] Попытка повторного подключения к postgres-db (629 из 5)
2026-09-21 13:58:43 [WARNING] Обнаружена нестабильная сеть, пакеты теряются (69%)
2026-09-21 14:01:53 [INFO] Сервер успешно запущен на порту 8080
2026-09-21 14:03:13 [INFO] Пользователь petrova выполнил вход в систему
2026-09-21 14:05:18 [INFO] Очередь сообщений обработана, 117 задач выполнено
2026-09-21 14:07:33 [INFO] Подключение к базе данных установлено
2026-09-21 14:08:48 [WARNING] Высокая загрузка CPU: 84%
2026-09-21 14:09:07 [INFO] Подключение к базе данных установлено
2026-09-21 14:12:09 [INFO] Сессия пользователя admin завершена
2026-09-21 14:15:46 [ERROR] Не удалось разрешить DNS имя для payment-gateway
2026-09-21 14:16:06 [INFO] Обработан HTTP запрос GET /api/v1/users, статус 200
2026-09-21 14:16:57 [WARNING] Медленный ответ от базы данных: 89 мс
2026-09-21 14:20:39 [INFO] Конфигурация перезагружена без ошибок
