2026-09-23 00:06:54 [INFO] Файл config.yaml успешно загружен на сервер
2026-09-23 00:07:18 [INFO] Задача резервного копирования завершена успешно
2026-09-23 00:09:15 [WARNING] Пользователь kuznetsov превысил лимит запросов
2026-09-23 00:13:04 [INFO] Обработан HTTP запрос GET /api/v1/users, статус 200
2026-09-23 00:15:01 [ERROR] Ошибка чтения конфигурационного файла backup_full.tar.gz
2026-09-23 00:18:12 [INFO] SSL сертификат успешно обновлён
2026-09-23 00:18:32 [INFO] Задача резервного копирования завершена успешно
2026-09-23 00:21:33 [WARNING] Тайм-аут ожидания ответа от узла db-master
2026-09-23 00:25:13 [INFO] Получен heartbeat от узла node-03
2026-09-23 00:27:18 [WARNING] Тайм-аут ожидания ответа от узла node-03
2026-09-23 00:31:11 [WARNING] Очередь задач превысила порог в 139 элементов
2026-09-23 00:32:35 [WARNING] Обнаружено устаревшее API обращение от 192.168.1.168
2026-09-23 00:35:47 [INFO] Плановая проверка состояния сервисов пройдена
2026-09-23 00:36:49 [ERROR] Не удалось отправить уведомление пользователю guest_452
2026-09-23 00:40:09 [INFO] Сессия пользователя guest_452 завершена
2026-09-23 00:40:36 [INFO] Сессия пользователя s.volkova завершена
2026-09-23 00:40:40 [INFO] Модуль OrderProcessor инициализирован
2026-09-23 00:43:18 [INFO] Служба payment-gateway перезапущена по расписанию
2026-09-23 00:47:04 [INFO] SSL сертификат успешно обновлён
2026-09-23 00:50:29 [WARNING] Диск /data заполнен на 72%
2026-09-23 00:52:35 [INFO] Задача резервного копирования завершена успешно
2026-09-23 00:55:33 [WARNING] Пользователь admin превысил лимит запросов
2026-09-23 00:56:43 [WARNING] Попытка повторного подключения к payment-gateway (123 из 5)
2026-09-23 00:57:54 [INFO] Файл upload_2026_09.tmp успешно загружен на сервер
2026-09-23 01:00:56 [INFO] Новое соединение установлено с 192.168.1.10
