2026-09-22 08:02:20 [INFO] SSL сертификат успешно обновлён
2026-09-22 08:03:16 [INFO] Конфигурация перезагружена без ошибок
2026-09-22 08:05:34 [WARNING] Тайм-аут ожидания ответа от узла cache-01
2026-09-22 08:05:46 [INFO] Сессия пользователя s.volkova завершена
2026-09-22 08:07:17 [WARNING] Диск /var/log заполнен на 75%
2026-09-22 08:11:14 [INFO] Служба redis-cache перезапущена по расписанию
2026-09-22 08:12:09 [INFO] Конфигурация перезагружена без ошибок
2026-09-22 08:15:20 [INFO] Новое соединение установлено с 192.168.1.230
2026-09-22 08:19:01 [WARNING] Пользователь s.volkova превысил лимит запросов
2026-09-22 08:21:17 [INFO] Служба notification-service перезапущена по расписанию
2026-09-22 08:23:09 [WARNING] Высокая загрузка CPU: 66%
2026-09-22 08:23:49 [INFO] Кэш успешно обновлён
2026-09-22 08:24:51 [INFO] Пользователь kuznetsov выполнил вход в систему
2026-09-22 08:27:12 [WARNING] Сертификат SSL истекает через 774 дней
2026-09-22 08:29:05 [INFO] SSL сертификат успешно обновлён
2026-09-22 08:29:07 [WARNING] Пользователь petrova превысил лимит запросов
2026-09-22 08:31:59 [INFO] Служба redis-cache перезапущена по расписанию
2026-09-22 08:32:24 [WARNING] Тайм-аут ожидания ответа от узла db-master
2026-09-22 08:35:49 [INFO] Задача резервного копирования завершена успешно
2026-09-22 08:39:33 [INFO] SSL сертификат успешно обновлён
2026-09-22 08:41:38 [INFO] Получен heartbeat от узла node-01
2026-09-22 08:42:18 [WARNING] Попытка повторного подключения к auth-service (63 из 5)
2026-09-22 08:44:27 [INFO] Файл backup_full.tar.gz успешно загружен на сервер
2026-09-22 08:46:11 [WARNING] Очередь задач превысила порог в 635 элементов
2026-09-22 08:50:11 [INFO] Конфигурация перезагружена без ошибок
2026-09-22 08:52:09 [INFO] Обработан HTTP запрос GET /api/v1/users, статус 200
2026-09-22 08:53:22 [WARNING] Сертификат SSL истекает через 542 дней
2026-09-22 08:57:07 [WARNING] Использование памяти превышает 78%
2026-09-22 08:58:00 [INFO] Новое соединение установлено с 192.168.1.168
2026-09-22 09:01:18 [WARNING] Диск /dev/sda1 заполнен на 87%
2026-09-22 09:05:05 [INFO] Обработан HTTP запрос POST /api/v1/orders, статус 201
2026-09-22 09:06:39 [INFO] Подключение к базе данных установлено
2026-09-22 09:10:36 [INFO] Кэш успешно обновлён
2026-09-22 09:13:58 [INFO] Получен heartbeat от узла node-02
2026-09-22 09:14:05 [INFO] Получен heartbeat от узла node-01
2026-09-22 09:14:13 [WARNING] Диск /data заполнен на 98%
2026-09-22 09:16:05 [INFO] Файл backup_full.tar.gz успешно загружен на сервер
2026-09-22 09:17:39 [INFO] Конфигурация перезагружена без ошибок
2026-09-22 09:19:03 [INFO] Сессия пользователя petrova завершена
2026-09-22 09:20:47 [INFO] Сервер успешно запущен на порту 5432
